crunchy1.cims.nyu.edu
make[1]: Entering directory '/home/dpm8739/CSCI-GA.2250-001-Operating-Systems-Summer-2025-lab-4'
rm -f iosched            
rm -rf output              debug              *.o *.d
make[1]: Leaving directory '/home/dpm8739/CSCI-GA.2250-001-Operating-Systems-Summer-2025-lab-4'
make[1]: Entering directory '/home/dpm8739/CSCI-GA.2250-001-Operating-Systems-Summer-2025-lab-4'
g++ -std=c++17 -Wall -Wextra -O2 -g -o iosched iosched.cpp
bash runit.sh output              ./iosched            
outdir=<output> sched=<./iosched >
./iosched -sN ./input0
./iosched -sS ./input0
./iosched -sL ./input0
./iosched -sC ./input0
./iosched -sF ./input0
./iosched -sN ./input1
./iosched -sS ./input1
./iosched -sL ./input1
./iosched -sC ./input1
./iosched -sF ./input1
./iosched -sN ./input2
./iosched -sS ./input2
./iosched -sL ./input2
./iosched -sC ./input2
./iosched -sF ./input2
./iosched -sN ./input3
./iosched -sS ./input3
./iosched -sL ./input3
./iosched -sC ./input3
./iosched -sF ./input3
./iosched -sN ./input4
./iosched -sS ./input4
./iosched -sL ./input4
./iosched -sC ./input4
./iosched -sF ./input4
./iosched -sN ./input5
./iosched -sS ./input5
./iosched -sL ./input5
./iosched -sC ./input5
./iosched -sF ./input5
./iosched -sN ./input6
./iosched -sS ./input6
./iosched -sL ./input6
./iosched -sC ./input6
./iosched -sF ./input6
./iosched -sN ./input7
./iosched -sS ./input7
./iosched -sL ./input7
./iosched -sC ./input7
./iosched -sF ./input7
./iosched -sN ./input8
./iosched -sS ./input8
./iosched -sL ./input8
./iosched -sC ./input8
./iosched -sF ./input8
./iosched -sN ./input9
./iosched -sS ./input9
./iosched -sL ./input9
./iosched -sC ./input9
./iosched -sF ./input9
bash gradeit.sh refout              output             
9786bdbcb1f9671d2a4579e453ee7463  - /home/dpm8739/4485524/crunchy1/0807/1957/11.5.0

         N  S  L  C  F
0        .  .  .  .  .
1        .  .  .  .  .
2        .  .  .  .  .
3        .  .  .  .  .
4        .  .  .  .  .
5        .  .  .  .  .
6        .  .  .  .  .
7        .  .  .  .  .
8        .  .  .  .  .
9        .  .  .  .  .
SUM     10 10 10 10 10
TOTAL: 50 out of 50
make[1]: Leaving directory '/home/dpm8739/CSCI-GA.2250-001-Operating-Systems-Summer-2025-lab-4'
